LANDIS-II 7.0 (7)

Loading scenario from file "scenario_s1e1.txt" ...
Initialized random number generator with seed = 823,851,965
Loading species data from file "./species_s1e1.txt" ...
Loading ecoregions from file "./ecoregions_s1e1.txt" ...
Initializing landscape from ecoregions map "./ecoregions_s1e1.gis" ...
Cell length = 100 m, cell area = 1 ha
Map dimensions: 99 rows by 99 columns = 9,801 cells
Sites: 9,801 active (100.0%), 0 inactive (0.0%)
  reading in ecoregion from ./ecoregions_s1e1.gis 
Loading Age-only Succession extension ...
   Registering Data:  Succession.AgeCohorts.
   Loading dynamic input data from file "./age-only-succession_DynamicInputs_s1e1.txt" ...
  Dynamic Input Parser:  Add new year = 0.
   Registering Data:  TimeOfLastSuccession.
   Registering Data:  Shade.
   Creating Dispersal Neighborhood List.
   Dispersal:  NeighborRadius=5050, CellLength=100, numCellRadius=50
   Loading initial communities from file "./age-only-succession_InitialCommunities_s1e1.txt" ...
   Reading initial communities map "./age-only-succession_InitialCommunities_s1e1.gis" ...
Loading Base Fire extension ...
   Registering Data:  Fire.Severity.
   Registering Data:  Fire.TimeOfLastEvent.
   Loading FireRegion data...
   Opening and Initializing Fire log files "fire/base-fire-log.csv" and "fire/base-fire-summary-log.csv"...
   Generating event table...
   Generating summary table...
Loading Output Max Species Age extension ...
Using the following extensions ...
   Extension Name            Extension Filename       
   --------------            ------------------       
   Age-only Succession       age-only-succession_SetUp_s1e1.txt
   Base Fire                 base-fire_SetUp_s1e1.txt 
   Output Max Species Age    output_MaxSppAge.txt     

Running Output Max Species Age ...
   Writing maximum age map for abiebals to outputs/max-age-selected-spp/abiebals-0.gis ...
dataset created: outputs/max-age-selected-spp/abiebals-0.gis
   Writing maximum age map for all species to outputs/max-age-selected-spp/AllSppMaxAge-0.gis ...
dataset created: outputs/max-age-selected-spp/AllSppMaxAge-0.gis
Current time: 5
Running Base Fire ...
   Processing landscape for Fire events ...
dataset created: fire/base-fire-severity-5.img
Running Age-only Succession ...
Running Output Max Species Age ...
   Writing maximum age map for abiebals to outputs/max-age-selected-spp/abiebals-5.gis ...
dataset created: outputs/max-age-selected-spp/abiebals-5.gis
   Writing maximum age map for all species to outputs/max-age-selected-spp/AllSppMaxAge-5.gis ...
dataset created: outputs/max-age-selected-spp/AllSppMaxAge-5.gis
Current time: 10
Running Base Fire ...
   Processing landscape for Fire events ...
dataset created: fire/base-fire-severity-10.img
Running Age-only Succession ...
growing cohorts ...
% done:   0%  10%  20%  30%  40%  50%  60%  70%  80%  90%  100%
          |----|----|----|----|----|----|----|----|----|----|
Progress: +++++++++++++++++++++++++++++++++++++++++++++++++++
Computing shade ...
% done:   0%  10%  20%  30%  40%  50%  60%  70%  80%  90%  100%
          |----|----|----|----|----|----|----|----|----|----|
Progress: +++++++++++++++++++++++++++++++++++++++++++++++++++
Cohort reproduction ...
% done:   0%  10%  20%  30%  40%  50%  60%  70%  80%  90%  100%
          |----|----|----|----|----|----|----|----|----|----|
Progress: +++++++++++++++++++++++++++++++++++++++++++++++++++
Running Output Max Species Age ...
   Writing maximum age map for abiebals to outputs/max-age-selected-spp/abiebals-10.gis ...
dataset created: outputs/max-age-selected-spp/abiebals-10.gis
   Writing maximum age map for all species to outputs/max-age-selected-spp/AllSppMaxAge-10.gis ...
dataset created: outputs/max-age-selected-spp/AllSppMaxAge-10.gis
Current time: 15
Running Base Fire ...
   Processing landscape for Fire events ...
dataset created: fire/base-fire-severity-15.img
Running Age-only Succession ...
Running Output Max Species Age ...
   Writing maximum age map for abiebals to outputs/max-age-selected-spp/abiebals-15.gis ...
dataset created: outputs/max-age-selected-spp/abiebals-15.gis
   Writing maximum age map for all species to outputs/max-age-selected-spp/AllSppMaxAge-15.gis ...
dataset created: outputs/max-age-selected-spp/AllSppMaxAge-15.gis
Current time: 20
Running Base Fire ...
   Processing landscape for Fire events ...
dataset created: fire/base-fire-severity-20.img
Running Age-only Succession ...
growing cohorts ...
% done:   0%  10%  20%  30%  40%  50%  60%  70%  80%  90%  100%
          |----|----|----|----|----|----|----|----|----|----|
Progress: +++++++++++++++++++++++++++++++++++++++++++++++++++
Computing shade ...
% done:   0%  10%  20%  30%  40%  50%  60%  70%  80%  90%  100%
          |----|----|----|----|----|----|----|----|----|----|
Progress: +++++++++++++++++++++++++++++++++++++++++++++++++++
Cohort reproduction ...
% done:   0%  10%  20%  30%  40%  50%  60%  70%  80%  90%  100%
          |----|----|----|----|----|----|----|----|----|----|
Progress: +++++++++++++++++++++++++++++++++++++++++++++++++++
Running Output Max Species Age ...
   Writing maximum age map for abiebals to outputs/max-age-selected-spp/abiebals-20.gis ...
dataset created: outputs/max-age-selected-spp/abiebals-20.gis
   Writing maximum age map for all species to outputs/max-age-selected-spp/AllSppMaxAge-20.gis ...
dataset created: outputs/max-age-selected-spp/AllSppMaxAge-20.gis
Current time: 25
Running Base Fire ...
   Processing landscape for Fire events ...
dataset created: fire/base-fire-severity-25.img
Running Age-only Succession ...
Running Output Max Species Age ...
   Writing maximum age map for abiebals to outputs/max-age-selected-spp/abiebals-25.gis ...
dataset created: outputs/max-age-selected-spp/abiebals-25.gis
   Writing maximum age map for all species to outputs/max-age-selected-spp/AllSppMaxAge-25.gis ...
dataset created: outputs/max-age-selected-spp/AllSppMaxAge-25.gis
Current time: 30
Running Base Fire ...
   Processing landscape for Fire events ...
dataset created: fire/base-fire-severity-30.img
Running Age-only Succession ...
growing cohorts ...
% done:   0%  10%  20%  30%  40%  50%  60%  70%  80%  90%  100%
          |----|----|----|----|----|----|----|----|----|----|
Progress: +++++++++++++++++++++++++++++++++++++++++++++++++++
Computing shade ...
% done:   0%  10%  20%  30%  40%  50%  60%  70%  80%  90%  100%
          |----|----|----|----|----|----|----|----|----|----|
Progress: +++++++++++++++++++++++++++++++++++++++++++++++++++
Cohort reproduction ...
% done:   0%  10%  20%  30%  40%  50%  60%  70%  80%  90%  100%
          |----|----|----|----|----|----|----|----|----|----|
Progress: +++++++++++++++++++++++++++++++++++++++++++++++++++
Running Output Max Species Age ...
   Writing maximum age map for abiebals to outputs/max-age-selected-spp/abiebals-30.gis ...
dataset created: outputs/max-age-selected-spp/abiebals-30.gis
   Writing maximum age map for all species to outputs/max-age-selected-spp/AllSppMaxAge-30.gis ...
dataset created: outputs/max-age-selected-spp/AllSppMaxAge-30.gis
Current time: 35
Running Base Fire ...
   Processing landscape for Fire events ...
dataset created: fire/base-fire-severity-35.img
Running Age-only Succession ...
Running Output Max Species Age ...
   Writing maximum age map for abiebals to outputs/max-age-selected-spp/abiebals-35.gis ...
dataset created: outputs/max-age-selected-spp/abiebals-35.gis
   Writing maximum age map for all species to outputs/max-age-selected-spp/AllSppMaxAge-35.gis ...
dataset created: outputs/max-age-selected-spp/AllSppMaxAge-35.gis
Current time: 40
Running Base Fire ...
   Processing landscape for Fire events ...
dataset created: fire/base-fire-severity-40.img
Running Age-only Succession ...
growing cohorts ...
% done:   0%  10%  20%  30%  40%  50%  60%  70%  80%  90%  100%
          |----|----|----|----|----|----|----|----|----|----|
Progress: +++++++++++++++++++++++++++++++++++++++++++++++++++
Computing shade ...
% done:   0%  10%  20%  30%  40%  50%  60%  70%  80%  90%  100%
          |----|----|----|----|----|----|----|----|----|----|
Progress: +++++++++++++++++++++++++++++++++++++++++++++++++++
Cohort reproduction ...
% done:   0%  10%  20%  30%  40%  50%  60%  70%  80%  90%  100%
          |----|----|----|----|----|----|----|----|----|----|
Progress: +++++++++++++++++++++++++++++++++++++++++++++++++++
Running Output Max Species Age ...
   Writing maximum age map for abiebals to outputs/max-age-selected-spp/abiebals-40.gis ...
dataset created: outputs/max-age-selected-spp/abiebals-40.gis
   Writing maximum age map for all species to outputs/max-age-selected-spp/AllSppMaxAge-40.gis ...
dataset created: outputs/max-age-selected-spp/AllSppMaxAge-40.gis
Current time: 45
Running Base Fire ...
   Processing landscape for Fire events ...
dataset created: fire/base-fire-severity-45.img
Running Age-only Succession ...
Running Output Max Species Age ...
   Writing maximum age map for abiebals to outputs/max-age-selected-spp/abiebals-45.gis ...
dataset created: outputs/max-age-selected-spp/abiebals-45.gis
   Writing maximum age map for all species to outputs/max-age-selected-spp/AllSppMaxAge-45.gis ...
dataset created: outputs/max-age-selected-spp/AllSppMaxAge-45.gis
Current time: 50
Running Base Fire ...
   Processing landscape for Fire events ...
dataset created: fire/base-fire-severity-50.img
Running Age-only Succession ...
growing cohorts ...
% done:   0%  10%  20%  30%  40%  50%  60%  70%  80%  90%  100%
          |----|----|----|----|----|----|----|----|----|----|
Progress: +++++++++++++++++++++++++++++++++++++++++++++++++++
Computing shade ...
% done:   0%  10%  20%  30%  40%  50%  60%  70%  80%  90%  100%
          |----|----|----|----|----|----|----|----|----|----|
Progress: +++++++++++++++++++++++++++++++++++++++++++++++++++
Cohort reproduction ...
% done:   0%  10%  20%  30%  40%  50%  60%  70%  80%  90%  100%
          |----|----|----|----|----|----|----|----|----|----|
Progress: +++++++++++++++++++++++++++++++++++++++++++++++++++
Running Output Max Species Age ...
   Writing maximum age map for abiebals to outputs/max-age-selected-spp/abiebals-50.gis ...
dataset created: outputs/max-age-selected-spp/abiebals-50.gis
   Writing maximum age map for all species to outputs/max-age-selected-spp/AllSppMaxAge-50.gis ...
dataset created: outputs/max-age-selected-spp/AllSppMaxAge-50.gis
Current time: 55
Running Base Fire ...
   Processing landscape for Fire events ...
dataset created: fire/base-fire-severity-55.img
Running Age-only Succession ...
Running Output Max Species Age ...
   Writing maximum age map for abiebals to outputs/max-age-selected-spp/abiebals-55.gis ...
dataset created: outputs/max-age-selected-spp/abiebals-55.gis
   Writing maximum age map for all species to outputs/max-age-selected-spp/AllSppMaxAge-55.gis ...
dataset created: outputs/max-age-selected-spp/AllSppMaxAge-55.gis
Current time: 60
Running Base Fire ...
   Processing landscape for Fire events ...
dataset created: fire/base-fire-severity-60.img
Running Age-only Succession ...
growing cohorts ...
% done:   0%  10%  20%  30%  40%  50%  60%  70%  80%  90%  100%
          |----|----|----|----|----|----|----|----|----|----|
Progress: +++++++++++++++++++++++++++++++++++++++++++++++++++
Computing shade ...
% done:   0%  10%  20%  30%  40%  50%  60%  70%  80%  90%  100%
          |----|----|----|----|----|----|----|----|----|----|
Progress: +++++++++++++++++++++++++++++++++++++++++++++++++++
Cohort reproduction ...
% done:   0%  10%  20%  30%  40%  50%  60%  70%  80%  90%  100%
          |----|----|----|----|----|----|----|----|----|----|
Progress: +++++++++++++++++++++++++++++++++++++++++++++++++++
Running Output Max Species Age ...
   Writing maximum age map for abiebals to outputs/max-age-selected-spp/abiebals-60.gis ...
dataset created: outputs/max-age-selected-spp/abiebals-60.gis
   Writing maximum age map for all species to outputs/max-age-selected-spp/AllSppMaxAge-60.gis ...
dataset created: outputs/max-age-selected-spp/AllSppMaxAge-60.gis
Current time: 65
Running Base Fire ...
   Processing landscape for Fire events ...
dataset created: fire/base-fire-severity-65.img
Running Age-only Succession ...
Running Output Max Species Age ...
   Writing maximum age map for abiebals to outputs/max-age-selected-spp/abiebals-65.gis ...
dataset created: outputs/max-age-selected-spp/abiebals-65.gis
   Writing maximum age map for all species to outputs/max-age-selected-spp/AllSppMaxAge-65.gis ...
dataset created: outputs/max-age-selected-spp/AllSppMaxAge-65.gis
Current time: 70
Running Base Fire ...
   Processing landscape for Fire events ...
dataset created: fire/base-fire-severity-70.img
Running Age-only Succession ...
growing cohorts ...
% done:   0%  10%  20%  30%  40%  50%  60%  70%  80%  90%  100%
          |----|----|----|----|----|----|----|----|----|----|
Progress: +++++++++++++++++++++++++++++++++++++++++++++++++++
Computing shade ...
% done:   0%  10%  20%  30%  40%  50%  60%  70%  80%  90%  100%
          |----|----|----|----|----|----|----|----|----|----|
Progress: +++++++++++++++++++++++++++++++++++++++++++++++++++
Cohort reproduction ...
% done:   0%  10%  20%  30%  40%  50%  60%  70%  80%  90%  100%
          |----|----|----|----|----|----|----|----|----|----|
Progress: +++++++++++++++++++++++++++++++++++++++++++++++++++
Running Output Max Species Age ...
   Writing maximum age map for abiebals to outputs/max-age-selected-spp/abiebals-70.gis ...
dataset created: outputs/max-age-selected-spp/abiebals-70.gis
   Writing maximum age map for all species to outputs/max-age-selected-spp/AllSppMaxAge-70.gis ...
dataset created: outputs/max-age-selected-spp/AllSppMaxAge-70.gis
Current time: 75
Running Base Fire ...
   Processing landscape for Fire events ...
dataset created: fire/base-fire-severity-75.img
Running Age-only Succession ...
Running Output Max Species Age ...
   Writing maximum age map for abiebals to outputs/max-age-selected-spp/abiebals-75.gis ...
dataset created: outputs/max-age-selected-spp/abiebals-75.gis
   Writing maximum age map for all species to outputs/max-age-selected-spp/AllSppMaxAge-75.gis ...
dataset created: outputs/max-age-selected-spp/AllSppMaxAge-75.gis
Current time: 80
Running Base Fire ...
   Processing landscape for Fire events ...
dataset created: fire/base-fire-severity-80.img
Running Age-only Succession ...
growing cohorts ...
% done:   0%  10%  20%  30%  40%  50%  60%  70%  80%  90%  100%
          |----|----|----|----|----|----|----|----|----|----|
Progress: +++++++++++++++++++++++++++++++++++++++++++++++++++
Computing shade ...
% done:   0%  10%  20%  30%  40%  50%  60%  70%  80%  90%  100%
          |----|----|----|----|----|----|----|----|----|----|
Progress: +++++++++++++++++++++++++++++++++++++++++++++++++++
Cohort reproduction ...
% done:   0%  10%  20%  30%  40%  50%  60%  70%  80%  90%  100%
          |----|----|----|----|----|----|----|----|----|----|
Progress: +++++++++++++++++++++++++++++++++++++++++++++++++++
Running Output Max Species Age ...
   Writing maximum age map for abiebals to outputs/max-age-selected-spp/abiebals-80.gis ...
dataset created: outputs/max-age-selected-spp/abiebals-80.gis
   Writing maximum age map for all species to outputs/max-age-selected-spp/AllSppMaxAge-80.gis ...
dataset created: outputs/max-age-selected-spp/AllSppMaxAge-80.gis
Current time: 85
Running Base Fire ...
   Processing landscape for Fire events ...
dataset created: fire/base-fire-severity-85.img
Running Age-only Succession ...
Running Output Max Species Age ...
   Writing maximum age map for abiebals to outputs/max-age-selected-spp/abiebals-85.gis ...
dataset created: outputs/max-age-selected-spp/abiebals-85.gis
   Writing maximum age map for all species to outputs/max-age-selected-spp/AllSppMaxAge-85.gis ...
dataset created: outputs/max-age-selected-spp/AllSppMaxAge-85.gis
Current time: 90
Running Base Fire ...
   Processing landscape for Fire events ...
dataset created: fire/base-fire-severity-90.img
Running Age-only Succession ...
growing cohorts ...
% done:   0%  10%  20%  30%  40%  50%  60%  70%  80%  90%  100%
          |----|----|----|----|----|----|----|----|----|----|
Progress: +++++++++++++++++++++++++++++++++++++++++++++++++++
Computing shade ...
% done:   0%  10%  20%  30%  40%  50%  60%  70%  80%  90%  100%
          |----|----|----|----|----|----|----|----|----|----|
Progress: +++++++++++++++++++++++++++++++++++++++++++++++++++
Cohort reproduction ...
% done:   0%  10%  20%  30%  40%  50%  60%  70%  80%  90%  100%
          |----|----|----|----|----|----|----|----|----|----|
Progress: +++++++++++++++++++++++++++++++++++++++++++++++++++
Running Output Max Species Age ...
   Writing maximum age map for abiebals to outputs/max-age-selected-spp/abiebals-90.gis ...
dataset created: outputs/max-age-selected-spp/abiebals-90.gis
   Writing maximum age map for all species to outputs/max-age-selected-spp/AllSppMaxAge-90.gis ...
dataset created: outputs/max-age-selected-spp/AllSppMaxAge-90.gis
Current time: 95
Running Base Fire ...
   Processing landscape for Fire events ...
dataset created: fire/base-fire-severity-95.img
Running Age-only Succession ...
Running Output Max Species Age ...
   Writing maximum age map for abiebals to outputs/max-age-selected-spp/abiebals-95.gis ...
dataset created: outputs/max-age-selected-spp/abiebals-95.gis
   Writing maximum age map for all species to outputs/max-age-selected-spp/AllSppMaxAge-95.gis ...
dataset created: outputs/max-age-selected-spp/AllSppMaxAge-95.gis
Current time: 100
Running Base Fire ...
   Processing landscape for Fire events ...
dataset created: fire/base-fire-severity-100.img
Running Age-only Succession ...
growing cohorts ...
% done:   0%  10%  20%  30%  40%  50%  60%  70%  80%  90%  100%
          |----|----|----|----|----|----|----|----|----|----|
Progress: +++++++++++++++++++++++++++++++++++++++++++++++++++
Computing shade ...
% done:   0%  10%  20%  30%  40%  50%  60%  70%  80%  90%  100%
          |----|----|----|----|----|----|----|----|----|----|
Progress: +++++++++++++++++++++++++++++++++++++++++++++++++++
Cohort reproduction ...
% done:   0%  10%  20%  30%  40%  50%  60%  70%  80%  90%  100%
          |----|----|----|----|----|----|----|----|----|----|
Progress: +++++++++++++++++++++++++++++++++++++++++++++++++++
Running Output Max Species Age ...
   Writing maximum age map for abiebals to outputs/max-age-selected-spp/abiebals-100.gis ...
dataset created: outputs/max-age-selected-spp/abiebals-100.gis
   Writing maximum age map for all species to outputs/max-age-selected-spp/AllSppMaxAge-100.gis ...
dataset created: outputs/max-age-selected-spp/AllSppMaxAge-100.gis
Model run is complete.
